                                ;*** AILZ80ASM *** Z-80 Assembler, version 1.0.28.0, LST:Full:4
000000 3200                             ORG     3200H
                                        
000000 3200 110022          10          LD      DE,2200H                        ;ROM 1Z-009Bを2200Hからにコピー
000003 3203 210000          10          LD      HL,0000H
000006 3206 010010          10          LD      BC,1000H
000009 3209 EDB0                        LDIR
                                        
00000B 320B D3E0            11          OUT     (0E0H),A                        ;0000h-0FFFhをRAMに切り替え
00000D 320D 110000          10          LD      DE,0000H                        ;2200h-31FFhを0000h-0FFFhへコピー
000010 3210 210022          10          LD      HL,2200H
000013 3213 010010          10          LD      BC,1000H
000016 3216 EDB0                        LDIR
                                
000018 3218 1100C1          10          LD      DE,ENT0                         ;SDアクセスルーチンをC100hへコピー
00001B 321B 216732          10          LD      HL,TENSO
00001E 321E 01B109          10          LD      BC,DBRCV0-ENT0+ENT6-DBRCV2
000021 3221 EDB0                        LDIR
                                
000023 3223 218500          10          LD      HL,0085H                        ;起動ジャンプ先をE800hから0085hに変更
000026 3226 220100          16          LD      (0001H),HL
                                        
000029 3229 2100C1          10          LD      HL,ENT0                         ;Fコマンドのジャンプ先をF000hからC100hに変更
00002C 322C 22F700          16          LD      (00F7H),HL
                                        
00002F 322F 210000          10          LD      HL,0000H                        ;E800hにROMが存在するとROMにジャンプしてしまうのを抑制
000032 3232 22AB00          16          LD      (00ABH),HL
                                        
000035 3235 3EC3             7          LD      A,0C3H
000037 3237 323604          13          LD      (0436H),A
00003A 323A 2104C1          10          LD      HL,ENT1                         ;MSHED
00003D 323D 223704          16          LD      (0437H),HL
000040 3240 327504          13          LD      (0475H),A
000043 3243 2107C1          10          LD      HL,ENT2                         ;MSDAT
000046 3246 227604          16          LD      (0476H),HL
000049 3249 32D804          13          LD      (04D8H),A
00004C 324C 210AC1          10          LD      HL,ENT3                         ;MLHED
00004F 324F 22D904          16          LD      (04D9H),HL
000052 3252 32F804          13          LD      (04F8H),A
000055 3255 210DC1          10          LD      HL,ENT4                         ;MLDAT
000058 3258 22F904          16          LD      (04F9H),HL
00005B 325B 328805          13          LD      (0588H),A
00005E 325E 2110C1          10          LD      HL,ENT5                         ;MVRFY
000061 3261 228905          16          LD      (0589H),HL
                                
000064 3264 C30000          10          JP      0000H                           ;MONITOR START
                                
       3267                     TENSO:
                                
                                ;
       0003                     GETL        EQU     0003H
       0006                     LETLN       EQU     0006H
       0009                     NEWLIN      EQU     0009H
       000C                     PRNTS       EQU     000CH
       0015                     MSGPR       EQU     0015H
       0018                     PLIST       EQU     0018H
       001B                     GETKEY      EQU     001BH
       03BA                     PRTWRD      EQU     03BAH
       03C3                     PRTBYT      EQU     03C3H
       0410                     HLHEX       EQU     0410H
       041F                     TWOHEX      EQU     041FH
       0BB9                     ADCN        EQU     0BB9H
       0DB5                     DISPCH      EQU     0DB5H
       0DDC                     DPCT        EQU     0DDCH
       10F0                     IBUFE       EQU     10F0H
       10F1                     FNAME       EQU     10F1H
       1102                     EADRS       EQU     1102H
       1102                     FSIZE       EQU     1102H
       1104                     SADRS       EQU     1104H
       1106                     EXEAD       EQU     1106H
       1171                     DSPX        EQU     1171H
       11A3                     LBUF        EQU     11A3H
       11AE                     MBUF        EQU     11AEH
       0082                     MONITOR_80K EQU     0082H
       00AD                     MONITOR_700 EQU     00ADH
                                
                                ;0A0H PORTA 送信データ(下位4ビット)
                                ;0A1H PORTB 受信データ(8ビット)
                                ;
                                ;0A2H PORTC Bit
                                ;7 IN  CHK
                                ;6 IN
                                ;5 IN
                                ;4 IN 
                                ;3 OUT
                                ;2 OUT FLG
                                ;1 OUT
                                ;0 OUT
                                ;
                                ;0A3H コントロールレジスタ
                                
       3267                     ENTRY:
000067 C100                            ORG      0C100H,ENTRY-3200H
                                
       C100                     ENT0:
000067 C100 00               4          NOP                   ;ROM識別コード
000068 C101 C313C1          10          JP      START
                                ;******************** MONITOR CMTルーチン代替 *************************************
00006B C104 C3FFC7          10  ENT1:   JP      MSHED
00006E C107 C34CC8          10  ENT2:   JP      MSDAT
000071 C10A C37FC8          10  ENT3:   JP      MLHED
000074 C10D C363C9          10  ENT4:   JP      MLDAT
000077 C110 C395C9          10  ENT5:   JP      MVRFY
                                        
00007A C113 CD78C1          17  START:  CALL    INIT
00007D C116 11A311          10          LD      DE,LBUF     ;MZ-80K、MZ-700とも起動コマンドは'*FD'に統一
000080 C119 1A               7          LD      A,(DE)
000081 C11A FE2A             7          CP      '*'
000083 C11C C28CC2          10          JP      NZ,MON
000086 C11F 13               6          INC     DE
000087 C120 1A               7          LD      A,(DE)
000088 C121 FE46             7          CP      'F'
00008A C123 C28CC2          10          JP      NZ,MON
00008D C126 13               6          INC     DE
00008E C127 1A               7          LD      A,(DE)
00008F C128 FE44             7          CP      'D'
000091 C12A C28CC2          10          JP      NZ,MON
                                        
000094 C12D 13               6          INC     DE          ;FDの次の文字へ移動
000095 C12E 1A               7  STT2:   LD      A,(DE)
000096 C12F FE20             7          CP      20H         ;FDの後に1文字空白があれば以降をファイルネームとしてロード(ファイルネームは32文字まで)
000098 C131 2850            12          JR      Z,SDLOAD
00009A C133 FE2F             7          CP      '/'         ;FDの後が'/'なら以降をファイルネームとしてロード、実行はしない(ファイルネームは32文字まで)
00009C C135 284C            12          JR      Z,SDLOAD
00009E C137 FE0D             7          CP      0DH         ;FDだけで改行の場合にはDEFNAMEの文字列をファイルネームとしてロード
0000A0 C139 200D            12          JR      NZ,STETC    ;該当なしなら他コマンドをチェック
0000A2 C13B D5              11  STT3:   PUSH    DE          ;設定ファイル名(0000.mzt)を転送
0000A3 C13C 21F5C7          10          LD      HL,DEFNAME
0000A6 C13F 13               6          INC     DE
0000A7 C140 010500          10          LD      BC,NEND-DEFNAME
0000AA C143 EDB0                        LDIR
0000AC C145 D1              10          POP     DE
0000AD C146 183B            12          JR      SDLOAD      ;LOAD処理へ
       C148                     STETC:
0000AF C148 FE53             7          CP      'S'         ;FDS:SAVE処理へ
0000B1 C14A CAEFC1          10          JP      Z,STSV
0000B4 C14D FE41             7          CP      'A'         ;FDA:自動起動ファイル設定処理へ
0000B6 C14F CA02C3          10          JP      Z,STAS
0000B9 C152 FE4C             7          CP      'L'         ;FDL:ファイル一覧表示
0000BB C154 CA0DC3          10          JP      Z,STLT
0000BE C157 FE44             7          CP      'D'         ;FDD:DELETE
0000C0 C159 CAA8C3          10          JP      Z,STDE
0000C3 C15C FE52             7          CP      'R'         ;FDR:RENAME
0000C5 C15E CAE5C3          10          JP      Z,STRN
0000C8 C161 FE50             7          CP      'P'         ;FDP:DUMP
0000CA C163 CA12C4          10          JP      Z,STPR
0000CD C166 FE43             7          CP      'C'         ;FDC:COPY
0000CF C168 CAB7C4          10          JP      Z,STCP
0000D2 C16B FE4D             7          CP      'M'         ;FDM:MEMORY DUMP
0000D4 C16D CAE4C4          10          JP      Z,STMD
0000D7 C170 FE57             7          CP      'W'         ;FDW:MEMORY WRITE
0000D9 C172 CA69C5          10          JP      Z,STMW
0000DC C175 C3C8C9          10          JP      EMMCHK
                                
                                ;**** 8255初期化 ****
                                ;PORTC下位BITをOUTPUT、上位BITをINPUT、PORTBをINPUT、PORTAをOUTPUT
0000DF C178 3E8A             7  INIT:   LD      A,8AH
0000E1 C17A D3A3            11          OUT     (0A3H),A
                                ;出力BITをリセット
0000E3 C17C 3E00             7  INIT2:  LD      A,00H      ;PORTA <- 0
0000E5 C17E D3A0            11          OUT     (0A0H),A
0000E7 C180 D3A2            11          OUT     (0A2H),A   ;PORTC <- 0
0000E9 C182 C9              10          RET
                                
                                ;**** LOAD ****
                                ;受信ヘッダ情報をセットし、SDカードからLOAD実行
0000EA C183 3E81             7  SDLOAD: LD      A,81H  ;LOADコマンド81H
0000EC C185 CD22C6          17          CALL    STCMD
0000EF C188 CD9CC1          17          CALL    HDRCV      ;ヘッダ情報受信
                                
                                ;***** 0000h～CFFFhまでのロードを確保するためにロードルーチンだけをD400hに転送、SPをD7FFhに設定してD400hへジャンプ
0000F2 C18B 3100D8          10          LD      SP,0D800H
                                        
0000F5 C18E 2176CA          10          LD      HL,DBRCV0
0000F8 C191 1100D4          10          LD      DE,DBRCV2
0000FB C194 013B00          10          LD      BC,ENT6-DBRCV2
0000FE C197 EDB0                        LDIR
                                
000100 C199 C300D4          10          JP      DBRCV2     ;データ受信
                                
                                ;ヘッダ受信
000103 C19C 21F110          10  HDRCV:  LD      HL,FNAME
000106 C19F 0611             7          LD      B,11H
000108 C1A1 CDB6C5          17  HDRC1:  CALL    RCVBYTE    ;ファイルネーム受信
00010B C1A4 77               7          LD      (HL),A
00010C C1A5 23               6          INC     HL
00010D C1A6 05               4          DEC     B
00010E C1A7 20F8            12          JR      NZ,HDRC1
000110 C1A9 1136C6          10          LD      DE,MSG_LD  ;ファイルネームLOADING表示
000113 C1AC CD1500          17          CALL    MSGPR
000116 C1AF 11F110          10          LD      DE,FNAME
000119 C1B2 CD1500          17          CALL    MSGPR
00011C C1B5 CD0600          17          CALL    LETLN
00011F C1B8 210411          10          LD      HL,SADRS  ;SADRS取得
000122 C1BB CDB6C5          17          CALL    RCVBYTE
000125 C1BE 77               7          LD      (HL),A
000126 C1BF 23               6          INC     HL
000127 C1C0 CDB6C5          17          CALL    RCVBYTE
00012A C1C3 77               7          LD      (HL),A
00012B C1C4 210211          10          LD      HL,FSIZE   ;FSIZE取得
00012E C1C7 CDB6C5          17          CALL    RCVBYTE
000131 C1CA 77               7          LD      (HL),A
000132 C1CB 23               6          INC     HL
000133 C1CC CDB6C5          17          CALL    RCVBYTE
000136 C1CF 77               7          LD      (HL),A
000137 C1D0 210611          10          LD      HL,EXEAD   ;EXEAD取得
00013A C1D3 CDB6C5          17          CALL    RCVBYTE
00013D C1D6 77               7          LD      (HL),A
00013E C1D7 23               6          INC     HL
00013F C1D8 CDB6C5          17          CALL    RCVBYTE
000142 C1DB 77               7          LD      (HL),A
000143 C1DC C9              10          RET
                                
                                ;データ受信
000144 C1DD ED5B0211        20  DBRCV:  LD      DE,(FSIZE)
000148 C1E1 2A0411          16          LD      HL,(SADRS)
00014B C1E4 CDB6C5          17  DBRLOP: CALL    RCVBYTE
00014E C1E7 77               7          LD      (HL),A
00014F C1E8 1B               6          DEC     DE
000150 C1E9 7A               4          LD      A,D
000151 C1EA B3               4          OR      E
000152 C1EB 23               6          INC     HL
000153 C1EC 20F6            12          JR      NZ,DBRLOP   ;DE=0までLOOP
000155 C1EE C9              10          RET
                                
                                ;**** SAVE ****
000156 C1EF 13               6  STSV:   INC     DE
000157 C1F0 13               6          INC     DE
000158 C1F1 D5              11          PUSH    DE
000159 C1F2 CD1004          17          CALL    HLHEX       ;1文字空けて4桁の16進数であればSADRSにセットして続行
00015C C1F5 383B            12          JR      C,STSV1
                                
00015E C1F7 220411          16          LD      (SADRS),HL      ;SARDS保存
000161 C1FA D1              10          POP     DE
000162 C1FB 13               6          INC     DE
000163 C1FC 13               6          INC     DE
000164 C1FD 13               6          INC     DE
000165 C1FE 13               6          INC     DE
000166 C1FF 13               6          INC     DE
000167 C200 D5              11          PUSH    DE          ;5文字進めて4桁の16進数であればEADRSにセットして続行
000168 C201 CD1004          17          CALL    HLHEX
00016B C204 382C            12          JR      C,STSV1
00016D C206 E5              11          PUSH    HL
00016E C207 ED4B0411        20          LD      BC,(SADRS)
000172 C20B ED42            15          SBC     HL,BC       ;EADRSがSADRSより大きくない場合はエラー
000174 C20D E1              10          POP     HL
000175 C20E 2822            12          JR      Z,STSV1
000177 C210 3820            12          JR      C,STSV1
                                
000179 C212 220211          16          LD      (EADRS),HL      ;EADRS保存
00017C C215 D1              10          POP     DE
00017D C216 13               6          INC     DE
00017E C217 13               6          INC     DE
00017F C218 13               6          INC     DE
000180 C219 13               6          INC     DE
000181 C21A 13               6          INC     DE          ;5文字進めて4桁の16進数であればEXEADにセットして続行
000182 C21B D5              11          PUSH    DE
000183 C21C CD1004          17          CALL    HLHEX
000186 C21F 3811            12          JR      C,STSV1
                                        
000188 C221 220611          16          LD      (EXEAD),HL      ;EXEAD保存
00018B C224 D1              10          POP     DE
00018C C225 13               6          INC     DE
00018D C226 13               6          INC     DE
00018E C227 13               6          INC     DE
00018F C228 13               6          INC     DE
000190 C229 13               6          INC     DE          ;5文字進めてファイルネームがあれば続行
000191 C22A 1A               7          LD      A,(DE)
000192 C22B FE31             7          CP      31H
000194 C22D 3808            12          JR      C,STSV2
000196 C22F EB               4          EX      DE,HL
000197 C230 180F            12          JR      SDSAVE      ;SAVE処理へ
       C232                     STSV1:                      ;16進数4桁の取得に失敗又はEADRSがSARDSより大きくない
000199 C232 1180C6          10          LD      DE,MSG_AD
00019C C235 184F            12          JR      ERRMSG
       C237                     STSV2:                      ;ファイルネームの取得に失敗
00019E C237 1190C6          10          LD      DE,MSG_FNAME
0001A1 C23A 184A            12          JR      ERRMSG
       C23C                     CMDERR:                     ;コマンド異常
0001A3 C23C 11A2C6          10          LD      DE,MSG_CMD
0001A6 C23F 1845            12          JR      ERRMSG
                                
                                ;送信ヘッダ情報をセットし、SDカードへSAVE実行
0001A8 C241 3E80             7  SDSAVE: LD      A,80H      ;SAVEコマンド80H
0001AA C243 CD08C6          17          CALL    STCD
0001AD C246 A7               4          AND     A          ;00以外ならERROR
0001AE C247 C25CC2          10          JP      NZ,SVERR
0001B1 C24A CDA6C2          17          CALL    HDSEND     ;ヘッダ情報送信
0001B4 C24D CDB6C5          17          CALL    RCVBYTE    ;状態取得(00H=OK)
0001B7 C250 A7               4          AND     A          ;00以外ならERROR
0001B8 C251 2009            12          JR      NZ,SVERR
0001BA C253 CDEBC2          17          CALL    DBSEND     ;データ送信
0001BD C256 1149C6          10          LD      DE,MSG_SV
0001C0 C259 182B            12          JR      ERRMSG
                                
       C25B                     SVER0:
0001C2 C25B D1              10          POP     DE         ;CALL元STACKを破棄する
       C25C                     SVERR:
0001C3 C25C FEF0             7          CP      0F0H
0001C5 C25E 2005            12          JR      NZ,ERR3
0001C7 C260 11B2C6          10          LD      DE,MSG_F0  ;SD-CARD INITIALIZE ERROR
0001CA C263 1821            12          JR      ERRMSG
0001CC C265 FEF1             7  ERR3:   CP      0F1H
0001CE C267 2005            12          JR      NZ,ERR4
0001D0 C269 11CBC6          10          LD      DE,MSG_F1  ;NOT FIND FILE
0001D3 C26C 1818            12          JR      ERRMSG
0001D5 C26E FEF3             7  ERR4:   CP      0F3H
0001D7 C270 2005            12          JR      NZ,ERR5
0001D9 C272 11D9C6          10          LD      DE,MSG_F3  ;FILE EXIST
0001DC C275 180F            12          JR      ERRMSG
0001DE C277 FEF4             7  ERR5:   CP      0F4H
0001E0 C279 2005            12          JR      NZ,ERR99
0001E2 C27B 11A2C6          10          LD      DE,MSG_CMD
0001E5 C27E 1806            12          JR      ERRMSG
0001E7 C280 CDC303          17  ERR99:  CALL    PRTBYT
0001EA C283 11EEC7          10          LD      DE,MSG99   ;その他ERROR
0001ED C286 CD1500          17  ERRMSG: CALL    MSGPR
0001F0 C289 CD0600          17          CALL    LETLN
0001F3 C28C 214E01          10  MON:    LD      HL,014EH
0001F6 C28F 7E               7          LD      A,(HL)
0001F7 C290 FE50             7          CP      'P'             ;014EHが'P'ならMZ-80K
0001F9 C292 CA8200          10          JP      Z,MONITOR_80K
0001FC C295 FE4E             7          CP      'N'             ;014EHが'N'ならFN-700
0001FE C297 CA8200          10          JP      Z,MONITOR_80K
000201 C29A 21EB06          10          LD      HL,06EBH
000204 C29D 7E               7          LD      A,(HL)
000205 C29E FE4D             7          CP      'M'             ;06EBHが'M'ならMZ-700
000207 C2A0 CAAD00          10          JP      Z,MONITOR_700
00020A C2A3 C30000          10          JP      0000H           ;識別できなかったら0000Hへジャンプ
                                
                                ;ヘッダ送信
00020D C2A6 E5              11  HDSEND: PUSH    HL
00020E C2A7 0620             7          LD      B,20H
000210 C2A9 7E               7  SS1:    LD      A,(HL)     ;FNAME送信
000211 C2AA CDC9C5          17          CALL    SNDBYTE
000214 C2AD 23               6          INC     HL
000215 C2AE 05               4          DEC     B
000216 C2AF 20F8            12          JR      NZ,SS1
000218 C2B1 3E0D             7          LD      A,0DH
00021A C2B3 CDC9C5          17          CALL    SNDBYTE
00021D C2B6 E1              10          POP     HL
00021E C2B7 0610             7          LD      B,10H
000220 C2B9 7E               7  SS2:    LD      A,(HL)     ;PNAME送信
000221 C2BA CDC9C5          17          CALL    SNDBYTE
000224 C2BD 23               6          INC     HL
000225 C2BE 05               4          DEC     B
000226 C2BF 20F8            12          JR      NZ,SS2
000228 C2C1 3E0D             7          LD      A,0DH
00022A C2C3 CDC9C5          17          CALL    SNDBYTE
00022D C2C6 210411          10          LD      HL,SADRS   ;SADRS送信
000230 C2C9 7E               7          LD      A,(HL)
000231 C2CA CDC9C5          17          CALL    SNDBYTE
000234 C2CD 23               6          INC     HL
000235 C2CE 7E               7          LD      A,(HL)
000236 C2CF CDC9C5          17          CALL    SNDBYTE
000239 C2D2 210211          10          LD      HL,EADRS   ;EADRS送信
00023C C2D5 7E               7          LD      A,(HL)
00023D C2D6 CDC9C5          17          CALL    SNDBYTE
000240 C2D9 23               6          INC     HL
000241 C2DA 7E               7          LD      A,(HL)
000242 C2DB CDC9C5          17          CALL    SNDBYTE
000245 C2DE 210611          10          LD      HL,EXEAD   ;EXEAD送信
000248 C2E1 7E               7          LD      A,(HL)
000249 C2E2 CDC9C5          17          CALL    SNDBYTE
00024C C2E5 23               6          INC     HL
00024D C2E6 7E               7          LD      A,(HL)
00024E C2E7 CDC9C5          17          CALL    SNDBYTE
000251 C2EA C9              10          RET
                                
                                ;データ送信
                                ;SADRSからEADRSまでを送信
000252 C2EB 2A0211          16  DBSEND: LD      HL,(EADRS)
000255 C2EE EB               4          EX      DE,HL
000256 C2EF 2A0411          16          LD      HL,(SADRS)
000259 C2F2 7E               7  DBSLOP: LD      A,(HL)
00025A C2F3 CDC9C5          17          CALL    SNDBYTE
00025D C2F6 7C               4          LD      A,H
00025E C2F7 BA               4          CP      D
00025F C2F8 2004            12          JR      NZ,DBSLP1
000261 C2FA 7D               4          LD      A,L
000262 C2FB BB               4          CP      E
000263 C2FC 2803            12          JR      Z,DBSLP2   ;HL = DE までLOOP
000265 C2FE 23               6  DBSLP1: INC     HL
000266 C2FF 18F1            12          JR      DBSLOP
000268 C301 C9              10  DBSLP2: RET
                                
                                ;**** AUTO START SET ****
000269 C302 3E82             7  STAS:   LD      A,82H      ;AUTO START SETコマンド82H
00026B C304 CD22C6          17          CALL    STCMD
00026E C307 1158C6          10          LD      DE,MSG_AS
000271 C30A C386C2          10          JP      ERRMSG
                                
                                
                                ;**** DIRLIST ****
000274 C30D 13               6  STLT:   INC     DE
000275 C30E 21FAC7          10          LD      HL,DEFDIR         ;行頭に'*FD 'を付けることでカーソルを移動させリターンで実行できるように
000278 C311 010500          10          LD      BC,DEND-DEFDIR
00027B C314 CD1EC3          17          CALL    DIRLIST
00027E C317 A7               4          AND     A                 ;00以外ならERROR
00027F C318 C25CC2          10          JP      NZ,SVERR
000282 C31B C38CC2          10          JP      MON
                                
                                
                                ;**** DIRLIST本体 (HL=行頭に付加する文字列の先頭アドレス BC=行頭に付加する文字列の長さ) ****
                                ;****              戻り値 A=エラーコード ****
       C31E                     DIRLIST:
000285 C31E 3E83             7          LD      A,83H      ;DIRLISTコマンド83Hを送信
000287 C320 CD08C6          17          CALL    STCD       ;コマンドコード送信
00028A C323 A7               4          AND     A          ;00以外ならERROR
00028B C324 C2A7C3          10          JP      NZ,DLRET
                                        
00028E C327 C5              11          PUSH    BC
00028F C328 0621             7          LD      B,21H
000291 C32A 1A               7  STLT1:  LD      A,(DE)
000292 C32B FE0D             7          CP      0DH
000294 C32D 2002            12          JR      NZ,STLT2
000296 C32F 3E00             7          LD      A,00H
000298 C331 CDC9C5          17  STLT2:  CALL    SNDBYTE           ;ページ指示を送信
00029B C334 13               6          INC     DE
00029C C335 05               4          DEC     B
00029D C336 20F2            12          JR      NZ,STLT1
00029F C338 C1              10          POP     BC
       C339                     DL1:
0002A0 C339 E5              11          PUSH    HL
0002A1 C33A C5              11          PUSH    BC
0002A2 C33B 11A311          10          LD      DE,LBUF
0002A5 C33E EDB0                        LDIR
0002A7 C340 EB               4          EX      DE,HL
0002A8 C341 CDB6C5          17  DL2:    CALL    RCVBYTE           ;'00H'を受信するまでを一行とする
0002AB C344 FE00             7          CP      00H
0002AD C346 280C            12          JR      Z,DL3
0002AF C348 FEFF             7          CP      0FFH              ;'0FFH'を受信したら終了
0002B1 C34A 2815            12          JR      Z,DL4
0002B3 C34C FEFE             7          CP      0FEH              ;'0FEH'を受信したら一時停止して一文字入力待ち
0002B5 C34E 2818            12          JR      Z,DL5
0002B7 C350 77               7          LD      (HL),A
0002B8 C351 23               6          INC     HL
0002B9 C352 18ED            12          JR      DL2
0002BB C354 11A311          10  DL3:    LD      DE,LBUF           ;'00H'を受信したら一行分を表示して改行
0002BE C357 CD1500          17          CALL    MSGPR
0002C1 C35A CD0600          17          CALL    LETLN
0002C4 C35D C1              10          POP     BC
0002C5 C35E E1              10          POP     HL
0002C6 C35F 18D8            12          JR      DL1
0002C8 C361 CDB6C5          17  DL4:    CALL    RCVBYTE           ;状態取得(00H=OK)
0002CB C364 C1              10          POP     BC
0002CC C365 E1              10          POP     HL
0002CD C366 183F            12          JR      DLRET
                                
0002CF C368 11E4C6          10  DL5:    LD      DE,MSG_KEY1        ;HIT ANT KEY表示
0002D2 C36B CD1500          17          CALL    MSGPR
0002D5 C36E 3EC2             7          LD      A,0C2H
0002D7 C370 CDB50D          17          CALL    DISPCH
0002DA C373 11FBC6          10          LD      DE,MSG_KEY2        ;HIT ANT KEY表示
0002DD C376 CD1500          17          CALL    MSGPR
0002E0 C379 CD0600          17          CALL    LETLN
0002E3 C37C CD1B00          17  DL6:    CALL    GETKEY            ;1文字入力待ち
0002E6 C37F FE00             7          CP      00H
0002E8 C381 28F9            12          JR      Z,DL6
0002EA C383 FE64             7          CP      64H               ;SHIFT+BREAKで打ち切り
0002EC C385 2816            12          JR      Z,DL7
0002EE C387 FE12             7          CP      12H               ;カーソル↑で打ち切り
0002F0 C389 2808            12          JR      Z,DL9
0002F2 C38B FE42             7          CP      42H               ;「B」で前ページ
0002F4 C38D 2810            12          JR      Z,DL8
0002F6 C38F 3E00             7          LD      A,00H             ;それ以外で継続
0002F8 C391 180C            12          JR      DL8
0002FA C393 3EC2             7  DL9:    LD      A,0C2H            ;カーソル↑で打ち切ったときにカーソル2行上へ
0002FC C395 CDDC0D          17          CALL    DPCT
0002FF C398 3EC2             7          LD      A,0C2H
000301 C39A CDDC0D          17          CALL    DPCT
000304 C39D 3EFF             7  DL7:    LD      A,0FFH            ;0FFH中断コードを送信
000306 C39F CDC9C5          17  DL8:    CALL    SNDBYTE
000309 C3A2 CD0600          17          CALL    LETLN
00030C C3A5 189A            12          JR      DL2
                                        
       C3A7                     DLRET:      
00030E C3A7 C9              10          RET
                                        
                                
                                ;**** FILE DELETE ****
00030F C3A8 3E84             7  STDE:   LD      A,84H      ;FILE DELETEコマンド84H
000311 C3AA CD22C6          17          CALL    STCMD
                                
000314 C3AD 110BC7          10          LD      DE,MSG_DELQ ;'DELETE?'表示
000317 C3B0 CD1500          17          CALL    MSGPR
00031A C3B3 CD0600          17          CALL    LETLN
00031D C3B6 CD1B00          17  STDE3:  CALL    GETKEY
000320 C3B9 FE00             7          CP      00H
000322 C3BB 28F9            12          JR      Z,STDE3
000324 C3BD FE59             7          CP      59H         ;'Y'ならOKとして00Hを送信
000326 C3BF 2004            12          JR      NZ,STDE4
000328 C3C1 3E00             7          LD      A,00H
00032A C3C3 1802            12          JR      STDE5
00032C C3C5 3EFF             7  STDE4:  LD      A,0FFH      ;'Y'以外ならCANSELとして0FFHを送信
00032E C3C7 CDC9C5          17  STDE5:  CALL    SNDBYTE
000331 C3CA CDB6C5          17          CALL    RCVBYTE
000334 C3CD FE00             7          CP      00H         ;00Hを受信すればDELETE完了
000336 C3CF 2005            12          JR      NZ,STDE6
000338 C3D1 112AC7          10          LD      DE,MSG_DELY ;'DELETE OK'表示
00033B C3D4 180C            12          JR      STDE8
00033D C3D6 FE01             7  STDE6:  CP      01H         ;01Hを受信すればCANSEL完了
00033F C3D8 2005            12          JR      NZ,STDE7
000341 C3DA 1134C7          10          LD      DE,MSG_DELN ;'DELETE CANSEL'表示
000344 C3DD 1803            12          JR      STDE8
000346 C3DF C35CC2          10  STDE7:  JP      SVERR
000349 C3E2 C386C2          10  STDE8:  JP      ERRMSG
                                
                                ;**** FILE RENAME ****
00034C C3E5 3E85             7  STRN:   LD      A,85H      ;FILE RENAMEコマンド85H
00034E C3E7 CD22C6          17          CALL    STCMD
                                
000351 C3EA 1142C7          10          LD      DE,MSG_REN ;'NEW NAME:'表示
000354 C3ED CD1500          17          CALL    MSGPR
                                        
000357 C3F0 3E09             7          LD      A,09H
000359 C3F2 327111          13          LD      (DSPX),A  ;カーソル位置を'NEW NAME:'の次へ
00035C C3F5 11A311          10          LD      DE,LBUF    ;NEW FILE NAMEを取得
00035F C3F8 CD0300          17          CALL    GETL
000362 C3FB 11AB11          10          LD      DE,LBUF+8  ;NEW FILE NAMEを送信
000365 C3FE CDF9C5          17          CALL    STFN
000368 C401 CD0FC6          17          CALL    STFS
                                        
00036B C404 CDB6C5          17          CALL    RCVBYTE
00036E C407 FE00             7          CP      00H         ;00Hを受信すればRENAME完了
000370 C409 C25CC2          10          JP      NZ,SVERR
000373 C40C 118EC7          10          LD      DE,MSG_RENY
000376 C40F C386C2          10          JP      ERRMSG
                                
                                ;**** FILE DUMP ****
000379 C412 3E86             7  STPR:   LD      A,86H      ;FILE DUMPEコマンド86H
00037B C414 CD22C6          17          CALL    STCMD
                                
00037E C417 210411          10  STPR6:  LD      HL,SADRS   ;SADRS取得
000381 C41A CDB6C5          17          CALL    RCVBYTE
000384 C41D 77               7          LD      (HL),A
000385 C41E 23               6          INC     HL
000386 C41F CDB6C5          17          CALL    RCVBYTE
000389 C422 77               7          LD      (HL),A
00038A C423 2A0411          16          LD      HL,(SADRS)
00038D C426 7C               4          LD      A,H
00038E C427 FEFF             7          CP      0FFH        ;ADRSに0FFFFHが送信されてきたらDUMP処理終了
000390 C429 2008            12          JR      NZ,STPR7
000392 C42B 7D               4          LD      A,L
000393 C42C FEFF             7          CP      0FFH
000395 C42E 2003            12          JR      NZ,STPR7
000397 C430 C3B1C4          10          JP      STPR8
00039A C433 1198C7          10  STPR7:  LD      DE,MSG_AD1 ;DUMP TITLE表示
00039D C436 CD1500          17          CALL    MSGPR
0003A0 C439 CD0600          17          CALL    LETLN
0003A3 C43C 0E10             7          LD      C,10H      ;16行(128Byte)を表示
0003A5 C43E C5              11  STPR0:  PUSH    BC
0003A6 C43F 0608             7          LD      B,08H      ;一行(8Byte)を受信
0003A8 C441 21A311          10          LD      HL,LBUF
0003AB C444 CDB6C5          17  STPR1:  CALL    RCVBYTE
0003AE C447 77               7          LD      (HL),A
0003AF C448 23               6          INC     HL
0003B0 C449 05               4          DEC     B
0003B1 C44A 20F8            12          JR      NZ,STPR1
                                
0003B3 C44C 2A0411          16          LD      HL,(SADRS) ;アドレス表示
0003B6 C44F CDBA03          17          CALL    PRTWRD
0003B9 C452 110800          10          LD      DE,0008H   ;一画面(128Byte)中はアドレスを受け取らないので自前でインクリメント
0003BC C455 19              11          ADD     HL,DE
0003BD C456 220411          16          LD      (SADRS),HL
                                        
0003C0 C459 0608             7          LD      B,08H      ;一行(8Byte)のデータを16進数表示
0003C2 C45B 11A311          10          LD      DE,LBUF
0003C5 C45E CD0C00          17  STPR2:  CALL    PRNTS
0003C8 C461 1A               7          LD      A,(DE)
0003C9 C462 CDC303          17          CALL    PRTBYT
0003CC C465 13               6          INC     DE
0003CD C466 05               4          DEC     B
0003CE C467 20F5            12          JR      NZ,STPR2
                                        
0003D0 C469 CD0C00          17          CALL    PRNTS
0003D3 C46C 11A311          10          LD      DE,LBUF    ;一行(8Byte)のデータをキャラクタ表示
0003D6 C46F 0608             7          LD      B,08H
0003D8 C471 1A               7  STPR9:  LD      A,(DE)
0003D9 C472 FE10             7          CP      10H        ;MZ-700での文字化けに対処
0003DB C474 3002            12          JR      NC,STPRA
0003DD C476 3E20             7          LD      A,20H
0003DF C478 CDB90B          17  STPRA:  CALL    ADCN
0003E2 C47B CDB50D          17          CALL    DISPCH
0003E5 C47E 13               6          INC     DE
0003E6 C47F 05               4          DEC     B
0003E7 C480 20EF            12          JR      NZ,STPR9
                                
0003E9 C482 CD0600          17          CALL    LETLN
0003EC C485 C1              10          POP     BC
0003ED C486 0D               4          DEC     C
0003EE C487 20B5            12          JR      NZ,STPR0
                                        
0003F0 C489 11BEC7          10          LD      DE,MSG_AD2        ;入力待ちメッセージ表示
0003F3 C48C CD1500          17          CALL    MSGPR
0003F6 C48F CD0600          17          CALL    LETLN
0003F9 C492 CD0600          17          CALL    LETLN
0003FC C495 CD1B00          17  STPR3:  CALL    GETKEY            ;1文字入力待ち
0003FF C498 FE00             7          CP      00H
000401 C49A 28F9            12          JR      Z,STPR3
000403 C49C FE64             7          CP      64H               ;SHIFT+BREAKで打ち切り
000405 C49E 2806            12          JR      Z,STPR4
000407 C4A0 CDC9C5          17          CALL    SNDBYTE           ;SHIFT+BREAK以外はASCIIコードのまま送信、ARDUINO側で'B'を処理
00040A C4A3 C317C4          10          JP      STPR6
00040D C4A6 3EFF             7  STPR4:  LD      A,0FFH            ;0FFH中断コードを送信
00040F C4A8 CDC9C5          17  STPR5:  CALL    SNDBYTE
000412 C4AB CDB6C5          17          CALL    RCVBYTE           ;SHIFT+BREAKでの中断時はADRS'0FFFFH'の受信及び状態コードの受信を破棄
000415 C4AE CDB6C5          17          CALL    RCVBYTE
000418 C4B1 CDB6C5          17  STPR8:  CALL    RCVBYTE
00041B C4B4 C38CC2          10          JP      MON
                                
                                ;**** FILE COPY ****
00041E C4B7 3E87             7  STCP:   LD      A,87H      ;FILE COPYコマンド87H
000420 C4B9 CD22C6          17          CALL    STCMD
000423 C4BC 1142C7          10          LD      DE,MSG_REN ;'NEW NAME:'表示
000426 C4BF CD1500          17          CALL    MSGPR
                                        
000429 C4C2 3E09             7          LD      A,09H
00042B C4C4 327111          13          LD      (DSPX),A    ;カーソル位置を'NEW NAME:'の次へ
00042E C4C7 11A311          10          LD      DE,LBUF      ;NEW FILE NAMEを取得
000431 C4CA CD0300          17          CALL    GETL
000434 C4CD 11AB11          10          LD      DE,LBUF+8    ;NEW FILE NAMEを送信
000437 C4D0 CDF9C5          17          CALL    STFN
00043A C4D3 CD0FC6          17          CALL    STFS
                                        
00043D C4D6 CDB6C5          17          CALL    RCVBYTE
000440 C4D9 FE00             7          CP      00H         ;00Hを受信すればRENAME完了
000442 C4DB C25CC2          10          JP      NZ,SVERR
000445 C4DE 11E0C7          10          LD      DE,MSG_CPY
000448 C4E1 C386C2          10          JP      ERRMSG
                                
                                ;**** MEMORY DUMP ****
00044B C4E4 13               6  STMD:   INC     DE
00044C C4E5 13               6          INC     DE
00044D C4E6 CD1004          17          CALL    HLHEX       ;1文字空けて4桁の16進数であればSADRSにセットして続行
000450 C4E9 DA32C2          10          JP      C,STSV1
000453 C4EC 220411          16          LD      (SADRS),HL      ;SARDS保存
                                
000456 C4EF 1198C7          10  STMD6:  LD      DE,MSG_AD1 ;DUMP TITLE表示
000459 C4F2 CD1500          17          CALL    MSGPR
00045C C4F5 CD0600          17          CALL    LETLN
00045F C4F8 0E10             7          LD      C,10H      ;16行(128Byte)を表示
000461 C4FA 2A0411          16  STMD7:  LD      HL,(SADRS) ;アドレス表示
000464 C4FD CDBA03          17          CALL    PRTWRD
000467 C500 CD0C00          17          CALL    PRNTS
                                
                                        
00046A C503 0608             7          LD      B,08H      ;一行(8Byte)のデータを16進数表示
00046C C505 7E               7  STMD0:  LD      A,(HL)
00046D C506 CDC303          17          CALL    PRTBYT
000470 C509 CD0C00          17          CALL    PRNTS
000473 C50C CD1B00          17          CALL    GETKEY
000476 C50F FE64             7          CP      64H
000478 C511 2853            12          JR      Z,STMD4
00047A C513 23               6          INC     HL
00047B C514 05               4          DEC     B
00047C C515 20EE            12          JR      NZ,STMD0
                                
00047E C517 2A0411          16          LD      HL,(SADRS)
000481 C51A 0608             7          LD      B,08H      ;一行(8Byte)のデータをキャラクタ表示
000483 C51C 7E               7  STMD2:  LD      A,(HL)
000484 C51D FE10             7          CP      10H        ;MZ-700での文字化けに対処
000486 C51F 3002            12          JR      NC,STMD8
000488 C521 3E20             7          LD      A,20H
00048A C523 CDB90B          17  STMD8:  CALL    ADCN
00048D C526 CDB50D          17          CALL    DISPCH
000490 C529 CD1B00          17          CALL    GETKEY
000493 C52C FE64             7          CP      64H        ;表示途中でもSHIFT+BREAKで打ち切り
000495 C52E 2836            12          JR      Z,STMD4
000497 C530 23               6          INC     HL
000498 C531 05               4          DEC     B
000499 C532 20E8            12          JR      NZ,STMD2
                                
00049B C534 220411          16          LD      (SADRS),HL
00049E C537 CD0600          17          CALL    LETLN
                                
0004A1 C53A 0D               4          DEC     C
0004A2 C53B 20BD            12          JR      NZ,STMD7
                                        
0004A4 C53D 11BEC7          10          LD      DE,MSG_AD2        ;入力待ちメッセージ表示
0004A7 C540 CD1500          17          CALL    MSGPR
0004AA C543 CD0600          17          CALL    LETLN
0004AD C546 CD0600          17          CALL    LETLN
0004B0 C549 CD1B00          17  STMD3:  CALL    GETKEY            ;1文字入力待ち
0004B3 C54C FE00             7          CP      00H
0004B5 C54E 28F9            12          JR      Z,STMD3
0004B7 C550 FE64             7          CP      64H               ;SHIFT+BREAKで打ち切り
0004B9 C552 2812            12          JR      Z,STMD4
0004BB C554 FE42             7          CP      42H
0004BD C556 200B            12          JR      NZ,STMD5
0004BF C558 2A0411          16          LD      HL,(SADRS)
0004C2 C55B 110001          10          LD      DE,0100H
0004C5 C55E ED52            15          SBC     HL,DE
0004C7 C560 220411          16          LD      (SADRS),HL
0004CA C563 C3EFC4          10  STMD5:  JP      STMD6
0004CD C566 C38CC2          10  STMD4:  JP      MON
                                
                                ;**** MEMORY WRITE ****
0004D0 C569 13               6  STMW:   INC     DE
0004D1 C56A 13               6          INC     DE
0004D2 C56B CD1004          17          CALL    HLHEX       ;1文字空けて4桁の16進数であればHLにセットして続行
0004D5 C56E DA32C2          10          JP      C,STSV1
                                
0004D8 C571 13               6          INC     DE
0004D9 C572 13               6          INC     DE
0004DA C573 13               6          INC     DE
0004DB C574 13               6          INC     DE
0004DC C575 1A               7  STSP1:  LD      A,(DE)
0004DD C576 FE0D             7          CP      0DH
0004DF C578 2839            12          JR      Z,STMW9     ;アドレスのみなら終了
0004E1 C57A FE20             7          CP      20H
0004E3 C57C 2003            12          JR      NZ,STMW1
0004E5 C57E 13               6          INC     DE          ;空白は飛ばす
0004E6 C57F 18F4            12          JR      STSP1
                                
       C581                     STMW1:
0004E8 C581 CD1F04          17          CALL    TWOHEX
0004EB C584 380E            12          JR      C,STMW8
0004ED C586 77               7          LD      (HL),A      ;2桁の16進数があれば(HL)に書き込み
0004EE C587 23               6          INC     HL
                                
0004EF C588 1A               7  STSP2:  LD      A,(DE)
0004F0 C589 FE0D             7          CP      0DH         ;一行終了
0004F2 C58B 2807            12          JR      Z,STMW8
0004F4 C58D FE20             7          CP      20H
0004F6 C58F 20F0            12          JR      NZ,STMW1
0004F8 C591 13               6          INC     DE          ;空白は飛ばす
0004F9 C592 18F4            12          JR      STSP2
                                
       C594                     STMW8:  
0004FB C594 11E8C7          10          LD      DE,MSG_FDW  ;行頭に'*FDW '
0004FE C597 CD1500          17          CALL    MSGPR
000501 C59A CDBA03          17          CALL    PRTWRD      ;アドレス表示
000504 C59D CD0C00          17          CALL    PRNTS
000507 C5A0 11A311          10          LD      DE,LBUF     ;一行入力
00050A C5A3 CD0300          17          CALL    GETL
00050D C5A6 11A311          10          LD      DE,LBUF
000510 C5A9 1A               7          LD      A,(DE)
000511 C5AA FE1B             7          CP      1BH
000513 C5AC 2805            12          JR      Z,STMW9     ;SHIFT+BREAKで破棄、終了
000515 C5AE 11A611          10          LD      DE,LBUF+3
000518 C5B1 18B6            12          JR      STMW
00051A C5B3 C38CC2          10  STMW9:  JP      MON
                                
                                ;**** 1BYTE受信 ****
                                ;受信DATAをAレジスタにセットしてリターン
       C5B6                     RCVBYTE:
00051D C5B6 CDEBC5          17          CALL    F1CHK      ;PORTC BIT7が1になるまでLOOP
000520 C5B9 DBA1            11          IN      A,(0A1h)   ;PORTB -> A
000522 C5BB F5              11          PUSH    AF
000523 C5BC 3E05             7          LD      A,05H
000525 C5BE D3A3            11          OUT     (0A3H),A    ;PORTC BIT2 <- 1
000527 C5C0 CDF2C5          17          CALL    F2CHK      ;PORTC BIT7が0になるまでLOOP
00052A C5C3 3E04             7          LD      A,04H
00052C C5C5 D3A3            11          OUT     (0A3H),A    ;PORTC BIT2 <- 0
00052E C5C7 F1              10          POP     AF
00052F C5C8 C9              10          RET
                                        
                                ;**** 1BYTE送信 ****
                                ;Aレジスタの内容をPORTA下位4BITに4BITずつ送信
       C5C9                     SNDBYTE:
000530 C5C9 F5              11          PUSH    AF
000531 C5CA 1F               4          RRA
000532 C5CB 1F               4          RRA
000533 C5CC 1F               4          RRA
000534 C5CD 1F               4          RRA
000535 C5CE E60F             7          AND     0FH
000537 C5D0 CDDAC5          17          CALL    SND4BIT
00053A C5D3 F1              10          POP     AF
00053B C5D4 E60F             7          AND     0FH
00053D C5D6 CDDAC5          17          CALL    SND4BIT
000540 C5D9 C9              10          RET
                                
                                ;**** 4BIT送信 ****
                                ;Aレジスタ下位4ビットを送信する
       C5DA                     SND4BIT:
000541 C5DA D3A0            11          OUT     (0A0H),A
000543 C5DC 3E05             7          LD      A,05H
000545 C5DE D3A3            11          OUT     (0A3H),A    ;PORTC BIT2 <- 1
000547 C5E0 CDEBC5          17          CALL    F1CHK      ;PORTC BIT7が1になるまでLOOP
00054A C5E3 3E04             7          LD      A,04H
00054C C5E5 D3A3            11          OUT     (0A3H),A    ;PORTC BIT2 <- 0
00054E C5E7 CDF2C5          17          CALL    F2CHK
000551 C5EA C9              10          RET
                                        
                                ;**** BUSYをCHECK(1) ****
                                ; 82H BIT7が1になるまでLOP
000552 C5EB DBA2            11  F1CHK:  IN      A,(0A2H)
000554 C5ED E680             7          AND     80H        ;PORTC BIT7 = 1?
000556 C5EF 28FA            12          JR      Z,F1CHK
000558 C5F1 C9              10          RET
                                
                                ;**** BUSYをCHECK(0) ****
                                ; 82H BIT7が0になるまでLOOP
000559 C5F2 DBA2            11  F2CHK:  IN      A,(0A2H)
00055B C5F4 E680             7          AND     80H        ;PORTC BIT7 = 0?
00055D C5F6 20FA            12          JR      NZ,F2CHK
00055F C5F8 C9              10          RET
                                
                                ;****** FILE NAME 取得 (IN:DE コマンド文字の次の文字 OUT:HL ファイルネームの先頭)*********
000560 C5F9 F5              11  STFN:   PUSH    AF
000561 C5FA 13               6  STFN1:  INC     DE         ;ファイルネームまでスペース読み飛ばし
000562 C5FB 1A               7          LD      A,(DE)
000563 C5FC FE20             7          CP      20H
000565 C5FE 28FA            12          JR      Z,STFN1
000567 C600 FE30             7          CP      30H        ;「0」以上の文字でなければエラーとする
000569 C602 DA37C2          10          JP      C,STSV2
00056C C605 EB               4          EX      DE,HL
00056D C606 F1              10          POP     AF
00056E C607 C9              10          RET
                                
                                ;**** コマンド送信 (IN:A コマンドコード)****
00056F C608 CDC9C5          17  STCD:   CALL    SNDBYTE    ;Aレジスタのコマンドコードを送信
000572 C60B CDB6C5          17          CALL    RCVBYTE    ;状態取得(00H=OK)
000575 C60E C9              10          RET
                                
                                ;**** ファイルネーム送信(IN:HL ファイルネームの先頭) ******
000576 C60F 0620             7  STFS:   LD      B,20H
000578 C611 7E               7  STFS1:  LD      A,(HL)     ;FNAME送信
000579 C612 CDC9C5          17          CALL    SNDBYTE
00057C C615 23               6          INC     HL
00057D C616 05               4          DEC     B
00057E C617 20F8            12          JR      NZ,STFS1
000580 C619 3E0D             7          LD      A,0DH
000582 C61B CDC9C5          17          CALL    SNDBYTE
000585 C61E CDB6C5          17          CALL    RCVBYTE    ;状態取得(00H=OK)
000588 C621 C9              10          RET
                                
                                ;**** コマンド、ファイル名送信 (IN:A コマンドコード HL:ファイルネームの先頭)****
000589 C622 CDF9C5          17  STCMD:  CALL    STFN       ;ファイルネーム取得
00058C C625 E5              11          PUSH    HL
00058D C626 CD08C6          17          CALL    STCD       ;コマンドコード送信
000590 C629 E1              10          POP     HL
000591 C62A A7               4          AND     A          ;00以外ならERROR
000592 C62B C25BC2          10          JP      NZ,SVER0
000595 C62E CD0FC6          17          CALL    STFS       ;ファイルネーム送信
000598 C631 A7               4          AND     A          ;00以外ならERROR
000599 C632 C25BC2          10          JP      NZ,SVER0
00059C C635 C9              10          RET
                                
                                ;******** MESSAGE DATA ********************
       C636                     MSG_LD:
00059D C636 16                          DB      16H
00059E C637 4C4F4144494E4720            DB      'LOADING '
0005A6 C63F 0D                          DB      0DH
                                
       C640                     WRMSG:
0005A7 C640 57524954494E4720            DB      'WRITING '
0005AF C648 0D                          DB      0DH
                                
       C649                     MSG_SV:
0005B0 C649 534156452046494E            DB      'SAVE FINISHED!'
            495348454421        
0005BE C657 0D                          DB      0DH
                                        
       C658                     MSG_AS:
0005BF C658 4153544152542046            DB      'ASTART FINISHED!'
            494E495348454421    
0005CF C668 0D                          DB      0DH
                                        
       C669                     MSG_ST:
0005D0 C669 5041544348454420            DB      'PATCHED MONITOR START!'
            4D4F4E49544F5220    
            535441525421        
0005E6 C67F 0D                          DB      0DH
                                        
       C680                     MSG_AD:
0005E7 C680 4144445245535320            DB      'ADDRESS FAILED!'
            4641494C454421      
0005F6 C68F 0D                          DB      0DH
                                        
       C690                     MSG_FNAME:
0005F7 C690 46494C45204E414D            DB      'FILE NAME FAILED!'
            45204641494C4544    
            21                  
000608 C6A1 0D                          DB      0DH
                                        
       C6A2                     MSG_CMD:
000609 C6A2 434F4D4D414E4420            DB      'COMMAND FAILED!'
            4641494C454421      
000618 C6B1 0D                          DB      0DH
                                        
       C6B2                     MSG_F0:
000619 C6B2 53442D4341524420            DB      'SD-CARD INITIALIZE ERROR'
            494E495449414C49    
            5A45204552524F52    
000631 C6CA 0D                          DB      0DH
                                        
       C6CB                     MSG_F1:
000632 C6CB 4E4F542046494E44            DB      'NOT FIND FILE'
            2046494C45          
00063F C6D8 0D                          DB      0DH
                                        
       C6D9                     MSG_F3:
000640 C6D9 46494C4520455849            DB      'FILE EXIST'
            5354                
00064A C6E3 0D                          DB      0DH
                                        
       C6E4                     MSG_KEY1:
00064B C6E4 4E4558543A414E59            DB      'NEXT:ANY BACK:B BREAK:'
            204241434B3A4220    
            425245414B3A        
000661 C6FA 0D                          DB      0DH
       C6FB                     MSG_KEY2:
000662 C6FB 204F522053484946            DB      ' OR SHIFT+BREAK'
            542B425245414B      
000671 C70A 0D                          DB      0DH
                                        
       C70B                     MSG_DELQ:
000672 C70B 46494C452044454C            DB      'FILE DELETE?(Y:OK ELSE:CANSEL)'
            4554453F28593A4F    
            4B20454C53453A43    
            414E53454C29        
000690 C729 0D                          DB      0DH
                                        
       C72A                     MSG_DELY:
000691 C72A 44454C455445204F            DB      'DELETE OK'
            4B                  
00069A C733 0D                          DB      0DH
                                        
       C734                     MSG_DELN:
00069B C734 44454C4554452043            DB      'DELETE CANSEL'
            414E53454C          
0006A8 C741 0D                          DB      0DH
                                        
       C742                     MSG_REN:
0006A9 C742 4E4557204E414D45            DB      'NEW NAME:                            '
            3A20202020202020    
            2020202020202020    
            2020202020202020    
            2020202020          
0006CE C767 0D                          DB      0DH
                                        
       C768                     MSG_DNAME:
0006CF C768 444F532046494C45            DB      'DOS FILE:'
            3A                  
       C771                     MSG_DNAMEEND:
0006D8 C771 20 LEN:28                   DB      '                            '
0006F4 C78D 0D                          DB      0DH
                                        
       C78E                     MSG_RENY:
0006F5 C78E 52454E414D45204F            DB      'RENAME OK'
            4B                  
0006FE C797 0D                          DB      0DH
                                        
       C798                     MSG_AD1:
0006FF C798 41445253202B3020            DB      'ADRS +0 +1 +2 +3 +4 +5 +6 +7 01234567'
            2B31202B32202B33    
            202B34202B35202B    
            36202B3720303132    
            3334353637          
000724 C7BD 0D                          DB      0DH
                                        
       C7BE                     MSG_AD2:
000725 C7BE 4E4558543A414E59            DB      'NEXT:ANY BACK:B BREAK:SHIFT+BREAK'
            204241434B3A4220    
            425245414B3A5348    
            4946542B42524541    
            4B                  
000746 C7DF 0D                          DB      0DH
                                        
       C7E0                     MSG_CPY:
000747 C7E0 434F5059204F4B              DB      'COPY OK'
00074E C7E7 0D                          DB      0DH
                                        
       C7E8                     MSG_FDW:
00074F C7E8 2A46445720                  DB      '*FDW '
000754 C7ED 0D                          DB      0DH
                                
       C7EE                     MSG99:
000755 C7EE 204552524F52                DB      ' ERROR'
00075B C7F4 0D                          DB      0DH
                                        
       C7F5                     DEFNAME:
00075C C7F5 30303030                    DB      '0000'
000760 C7F9 0D                          DB      0DH
       C7FA                     NEND:
                                
       C7FA                     DEFDIR:
000761 C7FA 2A46442020                  DB      '*FD  '
       C7FF                     DEND:
                                
                                ;*********************** 0436H MONITOR ライト インフォメーション代替処理 ************
       C7FF                     MSHED:
000766 C7FF D5              11          PUSH    DE
000767 C800 C5              11          PUSH    BC
000768 C801 E5              11          PUSH    HL
000769 C802 CD78C1          17          CALL    INIT
00076C C805 3E91             7          LD      A,91H      ;HEADER SAVEコマンド91H
00076E C807 CD97C9          17          CALL    MCMD       ;コマンドコード送信
000771 C80A A7               4          AND     A          ;00以外ならERROR
000772 C80B C2A3C9          10          JP      NZ,MERR
                                
                                ;S-OS SWORD、8080用テキスト・エディタ＆アセンブラはファイルネームの後ろが20h詰めとなるため0dhに修正
000775 C80E 0611             7          LD      B,11H
000777 C810 210111          10          LD      HL,FNAME+10H     ;ファイルネーム
00077A C813 3E0D             7          LD      A,0DH            ;17文字目には常に0DHをセットする
00077C C815 77               7          LD      (HL),A
00077D C816 7E               7  MSH0:   LD      A,(HL)
00077E C817 FE0D             7          CP      0DH              ;0DHであればひとつ前の文字の検査に移る
000780 C819 2807            12          JR      Z,MSH1
000782 C81B FE20             7          CP      20H              ;20Hであれば0DHをセットしてひとつ前の文字の検査に移る
000784 C81D 2007            12          JR      NZ,MSH2          ;0DH、20H以外の文字であれば終了
000786 C81F 3E0D             7          LD      A,0DH
000788 C821 77               7          LD      (HL),A
                                        
000789 C822 2B               6  MSH1:   DEC     HL
00078A C823 05               4          DEC     B
00078B C824 20F0            12          JR      NZ,MSH0
                                
00078D C826 CD0600          17  MSH2:   CALL    LETLN
000790 C829 1140C6          10          LD      DE,WRMSG   ;'WRITING '
000793 C82C CD1500          17          CALL    MSGPR        ;メッセージ表示
000796 C82F 11F110          10          LD      DE,FNAME     ;ファイルネーム
000799 C832 CD1500          17          CALL    MSGPR       ;メッセージ表示
                                
00079C C835 21F010          10          LD      HL,IBUFE
00079F C838 0680             7          LD      B,80H
0007A1 C83A 7E               7  MSH3:   LD      A,(HL)     ;インフォメーション ブロック送信
0007A2 C83B CDC9C5          17          CALL    SNDBYTE
0007A5 C83E 23               6          INC     HL
0007A6 C83F 05               4          DEC     B
0007A7 C840 20F8            12          JR      NZ,MSH3
                                
0007A9 C842 CDB6C5          17          CALL    RCVBYTE    ;状態取得(00H=OK)
0007AC C845 A7               4          AND     A          ;00以外ならERROR
0007AD C846 C2A3C9          10          JP      NZ,MERR
                                
0007B0 C849 C39EC9          10          JP      MRET       ;正常RETURN
                                
                                ;******************** 0475H MONITOR ライト データ代替処理 **********************
       C84C                     MSDAT:
0007B3 C84C D5              11          PUSH    DE
0007B4 C84D C5              11          PUSH    BC
0007B5 C84E E5              11          PUSH    HL
0007B6 C84F 3E92             7          LD      A,92H      ;DATA SAVEコマンド92H
0007B8 C851 CD97C9          17          CALL    MCMD       ;コマンドコード送信
0007BB C854 A7               4          AND     A          ;00以外ならERROR
0007BC C855 C2A3C9          10          JP      NZ,MERR
                                
0007BF C858 210211          10          LD      HL,FSIZE   ;FSIZE送信
0007C2 C85B 7E               7          LD      A,(HL)
0007C3 C85C CDC9C5          17          CALL    SNDBYTE
0007C6 C85F 23               6          INC     HL
0007C7 C860 7E               7          LD      A,(HL)
0007C8 C861 CDC9C5          17          CALL    SNDBYTE
                                
0007CB C864 CDB6C5          17          CALL    RCVBYTE    ;状態取得(00H=OK)
0007CE C867 A7               4          AND     A          ;00以外ならERROR
0007CF C868 C2A3C9          10          JP      NZ,MERR
                                
0007D2 C86B ED5B0211        20          LD      DE,(FSIZE)
0007D6 C86F 2A0411          16          LD      HL,(SADRS)
0007D9 C872 7E               7  MSD1:   LD      A,(HL)
0007DA C873 CDC9C5          17          CALL    SNDBYTE      ;SADRSからFSIZE Byteを送信。分割セーブの場合、直前に0436HでOPENされたファイルを対象として256バイトずつ0475HがCALLされる。
0007DD C876 1B               6          DEC     DE
0007DE C877 7A               4          LD      A,D
0007DF C878 B3               4          OR      E
0007E0 C879 23               6          INC     HL
0007E1 C87A 20F6            12          JR      NZ,MSD1
                                        
0007E3 C87C C39EC9          10          JP      MRET       ;正常RETURN
                                
                                ;************************** 04D8H MONITOR リード インフォメーション代替処理 *****************
       C87F                     MLHED:
0007E6 C87F D5              11          PUSH    DE
0007E7 C880 C5              11          PUSH    BC
0007E8 C881 E5              11          PUSH    HL
0007E9 C882 CD78C1          17          CALL    INIT
                                
0007EC C885 0608             7          LD      B,08H      ;LBUFを0DHで埋めファイルネームが指定されなかったことにする
0007EE C887 11A311          10          LD      DE,LBUF
0007F1 C88A 3E0D             7          LD      A,0DH
0007F3 C88C 12               7  MLH0:   LD      (DE),A
0007F4 C88D 13               6          INC     DE
0007F5 C88E 05               4          DEC     B
0007F6 C88F 20FB            12          JR      NZ,MLH0
                                
0007F8 C891 3E03             7          LD      A,03H          ;一行分をクリアするため3文字削除、37文字出力
0007FA C893 327111          13          LD      (DSPX),A
0007FD C896 3EC7             7          LD      A,0C7H
0007FF C898 CDDC0D          17          CALL    DPCT
000802 C89B CDDC0D          17          CALL    DPCT
000805 C89E CDDC0D          17          CALL    DPCT
000808 C8A1 1168C7          10  MLH6:   LD      DE,MSG_DNAME   ;'DOS FILE:'
00080B C8A4 CD1500          17          CALL    MSGPR
00080E C8A7 3E09             7          LD      A,09H          ;カーソルを9文字目に戻す
000810 C8A9 327111          13          LD      (DSPX),A
                                
000813 C8AC 11AE11          10          LD      DE,MBUF    ;ファイルネームを指示するための苦肉の策。LOADコマンドとしてはファイルネームなしとして改行したのちに行バッファの位置をずらしてDOSファイルネームを入力する。
000816 C8AF CD0300          17          CALL    GETL
                                        
000819 C8B2 11B711          10          LD      DE,MBUF+9
                                        
00081C C8B5 1A               7          LD      A,(DE)
                                ;**** ファイルネームの先頭が'*'なら拡張コマンド処理へ移行 ****
00081D C8B6 FE2A             7          CP      '*'
00081F C8B8 2845            12          JR      Z,MLHCMD
                                
000821 C8BA 3E93             7          LD      A,93H      ;HEADER LOADコマンド93H
000823 C8BC CD97C9          17          CALL    MCMD       ;コマンドコード送信
000826 C8BF A7               4          AND     A          ;00以外ならERROR
000827 C8C0 C2A3C9          10          JP      NZ,MERR
                                
       C8C3                     MLH1:
00082A C8C3 1A               7          LD      A,(DE)
00082B C8C4 FE20             7          CP      20H                 ;行頭のスペースをファイルネームまで読み飛ばし
00082D C8C6 2003            12          JR      NZ,MLH2
00082F C8C8 13               6          INC     DE
000830 C8C9 18F8            12          JR      MLH1
                                
000832 C8CB 0620             7  MLH2:   LD      B,20H
000834 C8CD 1A               7  MLH4:   LD      A,(DE)     ;FNAME送信
000835 C8CE CDC9C5          17          CALL    SNDBYTE
000838 C8D1 13               6          INC     DE
000839 C8D2 05               4          DEC     B
00083A C8D3 20F8            12          JR      NZ,MLH4
00083C C8D5 3E0D             7          LD      A,0DH
00083E C8D7 CDC9C5          17          CALL    SNDBYTE
                                        
000841 C8DA CDB6C5          17          CALL    RCVBYTE    ;状態取得(00H=OK)
000844 C8DD A7               4          AND     A          ;00以外ならERROR
000845 C8DE C2A3C9          10          JP      NZ,MERR
                                
000848 C8E1 CDB6C5          17          CALL    RCVBYTE    ;状態取得(00H=OK)
00084B C8E4 A7               4          AND     A          ;00以外ならERROR
00084C C8E5 C2A3C9          10          JP      NZ,MERR
                                
00084F C8E8 21F010          10          LD      HL,IBUFE
000852 C8EB 0680             7          LD      B,80H
000854 C8ED CDB6C5          17  MLH5:   CALL    RCVBYTE    ;読みだされたインフォメーションブロックを受信
000857 C8F0 77               7          LD      (HL),A
000858 C8F1 23               6          INC     HL
000859 C8F2 05               4          DEC     B
00085A C8F3 20F8            12          JR      NZ,MLH5
                                
00085C C8F5 CDB6C5          17          CALL    RCVBYTE    ;状態取得(00H=OK)
00085F C8F8 A7               4          AND     A          ;00以外ならERROR
000860 C8F9 C2A3C9          10          JP      NZ,MERR
                                
000863 C8FC C39EC9          10          JP      MRET       ;正常RETURN
                                
                                ;**************************** アプリケーション内SD-CARD操作処理 **********************
       C8FF                     MLHCMD:
                                ;**** HL、DE、BCレジスタを保存 ****
000866 C8FF E5              11          PUSH    HL
000867 C900 D5              11          PUSH    DE
000868 C901 C5              11          PUSH    BC
000869 C902 13               6          INC     DE
00086A C903 0603             7          LD      B,03H
                                ;**** FDLコマンド ****
00086C C905 215FC9          10          LD      HL,CMD1
00086F C908 CD4BC9          17          CALL    CMPSTR
000872 C90B 2805            12          JR      Z,MLHCMD2
000874 C90D C1              10          POP     BC
000875 C90E D1              10          POP     DE
000876 C90F E1              10          POP     HL
                                ;**** ファイルネーム入力へ復帰 ****
000877 C910 188F            12          JR      MLH6
                                
       C912                     MLHCMD2:
000879 C912 13               6          INC     DE
00087A C913 13               6          INC     DE
00087B C914 13               6          INC     DE
00087C C915 2168C7          10          LD      HL,MSG_DNAME         ;行頭に'DOS FILE:'を付けることでカーソルを移動させリターンで実行できるように
00087F C918 010900          10          LD      BC,MSG_DNAMEEND-MSG_DNAME
                                ;**** FDLコマンド呼び出し ****
000882 C91B CD1EC3          17          CALL    DIRLIST
000885 C91E A7               4          AND     A          ;00以外ならERROR
000886 C91F 2006            12          JR      NZ,SERR
000888 C921 C1              10          POP     BC
000889 C922 D1              10          POP     DE
00088A C923 E1              10          POP     HL
                                ;**** ファイルネーム入力へ復帰 ****
00088B C924 C3A1C8          10          JP      MLH6
                                
                                ;******* アプリケーション内SD-CARD操作処理用ERROR処理 **************
       C927                     SERR:
00088E C927 FEF0             7          CP      0F0H
000890 C929 2005            12          JR      NZ,SERR3
000892 C92B 11B2C6          10          LD      DE,MSG_F0
000895 C92E 180F            12          JR      SERRMSG
                                        
000897 C930 FEF1             7  SERR3:  CP      0F1H
000899 C932 2005            12          JR      NZ,SERR99
00089B C934 11CBC6          10          LD      DE,MSG_F1
00089E C937 1806            12          JR      SERRMSG
                                        
0008A0 C939 CDC303          17  SERR99: CALL    PRTBYT
0008A3 C93C 11EEC7          10          LD      DE,MSG99
                                        
       C93F                     SERRMSG:
0008A6 C93F CD1500          17          CALL    MSGPR
0008A9 C942 CD0600          17          CALL    LETLN
0008AC C945 C1              10          POP     BC
0008AD C946 D1              10          POP     DE
0008AE C947 E1              10          POP     HL
                                ;**** ファイルネーム入力へ復帰 ****
0008AF C948 C3A1C8          10          JP      MLH6
                                
                                ;**** コマンド文字列比較 ****
       C94B                     CMPSTR:
0008B2 C94B C5              11          PUSH    BC
0008B3 C94C D5              11          PUSH    DE
0008B4 C94D 1A               7  CMP1:   LD      A,(DE)
0008B5 C94E BE               7          CP      (HL)
0008B6 C94F 200B            12          JR      NZ,CMP2
0008B8 C951 05               4          DEC     B
0008B9 C952 2808            12          JR      Z,CMP2
0008BB C954 FE0D             7          CP      0Dh
0008BD C956 2804            12          JR      Z,CMP2
0008BF C958 13               6          INC     DE
0008C0 C959 23               6          INC     HL
0008C1 C95A 18F1            12          JR      CMP1
0008C3 C95C D1              10  CMP2:   POP     DE
0008C4 C95D C1              10          POP     BC
0008C5 C95E C9              10          RET
                                
                                ;**** コマンドリスト ****
                                ; 将来拡張用
0008C6 C95F 46444C0D            CMD1:   DB      'FDL',0DH
                                
                                
                                ;**************************** 04F8H MONITOR リード データ代替処理 ********************
       C963                     MLDAT:
0008CA C963 D5              11          PUSH    DE
0008CB C964 C5              11          PUSH    BC
0008CC C965 E5              11          PUSH    HL
0008CD C966 3E94             7          LD      A,94H      ;DATA LOADコマンド94H
0008CF C968 CD97C9          17          CALL    MCMD       ;コマンドコード送信
0008D2 C96B A7               4          AND     A          ;00以外ならERROR
0008D3 C96C C2A3C9          10          JP      NZ,MERR
                                
0008D6 C96F CDB6C5          17          CALL    RCVBYTE    ;状態取得(00H=OK)
0008D9 C972 A7               4          AND     A          ;00以外ならERROR
0008DA C973 C2A3C9          10          JP      NZ,MERR
                                
0008DD C976 CDB6C5          17          CALL    RCVBYTE    ;状態取得(00H=OK)
0008E0 C979 A7               4          AND     A          ;00以外ならERROR
0008E1 C97A C2A3C9          10          JP      NZ,MERR
                                
0008E4 C97D 110211          10          LD      DE,FSIZE   ;FSIZE送信
0008E7 C980 1A               7          LD      A,(DE)
0008E8 C981 CDC9C5          17          CALL    SNDBYTE
0008EB C984 13               6          INC     DE
0008EC C985 1A               7          LD      A,(DE)
0008ED C986 CDC9C5          17          CALL    SNDBYTE
0008F0 C989 CDDDC1          17          CALL    DBRCV      ;FSIZE分のデータを受信し、SADRSから格納。分割ロードの場合、直前に0436HでOPENされたファイルを対象として256バイトずつSADRSが加算されて04F8HがCALLされる。
                                
0008F3 C98C CDB6C5          17          CALL    RCVBYTE    ;状態取得(00H=OK)
0008F6 C98F A7               4          AND     A          ;00以外ならERROR
0008F7 C990 C2A3C9          10          JP      NZ,MERR
                                
0008FA C993 1809            12          JR      MRET       ;正常RETURN
                                
                                ;************************** 0588H VRFY CMT ベリファイ代替処理 *******************
       C995                     MVRFY:
0008FC C995 AF               4          XOR     A          ;正常終了フラグ
                                
0008FD C996 C9              10          RET
                                
                                ;******* 代替処理用コマンドコード送信 (IN:A コマンドコード) **********
       C997                     MCMD:
0008FE C997 CDC9C5          17          CALL    SNDBYTE    ;コマンドコード送信
000901 C99A CDB6C5          17          CALL    RCVBYTE    ;状態取得(00H=OK)
000904 C99D C9              10          RET
                                
                                ;****** 代替処理用正常RETURN処理 **********
000905 C99E E1              10  MRET:   POP     HL
000906 C99F C1              10          POP     BC
000907 C9A0 D1              10          POP     DE
000908 C9A1 AF               4          XOR     A          ;正常終了フラグ
                                        
000909 C9A2 C9              10          RET
                                
                                ;******* 代替処理用ERROR処理 **************
       C9A3                     MERR:
00090A C9A3 FEF0             7          CP      0F0H
00090C C9A5 2005            12          JR      NZ,MERR3
00090E C9A7 11B2C6          10          LD      DE,MSG_F0
000911 C9AA 180F            12          JR      MERRMSG
                                        
000913 C9AC FEF1             7  MERR3:  CP      0F1H
000915 C9AE 2005            12          JR      NZ,MERR99
000917 C9B0 11CBC6          10          LD      DE,MSG_F1
00091A C9B3 1806            12          JR      MERRMSG
                                        
00091C C9B5 CDC303          17  MERR99: CALL    PRTBYT
00091F C9B8 11EEC7          10          LD      DE,MSG99
                                        
       C9BB                     MERRMSG:
000922 C9BB CD1500          17          CALL    MSGPR
000925 C9BE CD0600          17          CALL    LETLN
000928 C9C1 E1              10          POP     HL
000929 C9C2 C1              10          POP     BC
00092A C9C3 D1              10          POP     DE
00092B C9C4 3E02             7          LD      A,02H
00092D C9C6 37               4          SCF
                                
00092E C9C7 C9              10          RET
                                
       C9C8                     EMMCHK:
00092F C9C8 FE45             7          CP      'E'         ;FDE:EMM START
000931 C9CA CAD0C9          10          JP      Z,EMMST
000934 C9CD C33CC2          10          JP      CMDERR
                                
       C9D0                     EMMST:
000937 C9D0 13               6          INC     DE
000938 C9D1 1A               7          LD      A,(DE)
000939 C9D2 FE30             7          CP      '0'
00093B C9D4 2008            12          JR      NZ,EMM1ST
00093D C9D6 210000          10          LD      HL,0000H            ;EMM I/Oアドレス 00H
000940 C9D9 2274CA          16          LD      (EMMADRS),HL
000943 C9DC 1823            12          JR      MENUS
000945 C9DE FE31             7  EMM1ST: CP      '1'
000947 C9E0 2008            12          JR      NZ,EMM2ST
000949 C9E2 210400          10          LD      HL,0004H            ;EMM I/Oアドレス 04H
00094C C9E5 2274CA          16          LD      (EMMADRS),HL
00094F C9E8 1817            12          JR      MENUS
000951 C9EA FE32             7  EMM2ST: CP      '2'
000953 C9EC 2008            12          JR      NZ,EMM3ST
000955 C9EE 210800          10          LD      HL,0008H            ;EMM I/Oアドレス 08H
000958 C9F1 2274CA          16          LD      (EMMADRS),HL
00095B C9F4 180B            12          JR      MENUS
00095D C9F6 FE33             7  EMM3ST: CP      '3'
00095F C9F8 C23CC2          10          JP      NZ,CMDERR
000962 C9FB 210C00          10          LD      HL,000CH            ;EMM I/Oアドレス 0CH
000965 C9FE 2274CA          16          LD      (EMMADRS),HL
                                
000968 CA01 ED4B74CA        20  MENUS:  LD      BC,(EMMADRS)
00096C CA05 AF               4          XOR     A
00096D CA06 ED79            12          OUT     (C),A
00096F CA08 03               6          INC     BC
000970 CA09 ED79            12          OUT     (C),A
000972 CA0B 03               6          INC     BC
000973 CA0C ED79            12          OUT     (C),A
                                        
000975 CA0E 03               6          INC     BC
000976 CA0F ED78            12          IN      A,(C)
000978 CA11 FE01             7          CP      01H
00097A CA13 C23CC2          10          JP      NZ,CMDERR
00097D CA16 ED78            12          IN      A,(C)
00097F CA18 ED78            12          IN      A,(C)
000981 CA1A ED78            12          IN      A,(C)
000983 CA1C ED78            12          IN      A,(C)
000985 CA1E ED78            12          IN      A,(C)
000987 CA20 ED78            12          IN      A,(C)
000989 CA22 ED78            12          IN      A,(C)
00098B CA24 ED78            12          IN      A,(C)
00098D CA26 ED78            12          IN      A,(C)
00098F CA28 ED78            12          IN      A,(C)
000991 CA2A ED78            12          IN      A,(C)
000993 CA2C ED78            12          IN      A,(C)
000995 CA2E ED78            12          IN      A,(C)
000997 CA30 ED78            12          IN      A,(C)
000999 CA32 ED78            12          IN      A,(C)
00099B CA34 ED78            12          IN      A,(C)
00099D CA36 ED78            12          IN      A,(C)
                                        
                                
00099F CA38 ED78            12          IN      A,(C)
0009A1 CA3A 5F               4          LD      E,A
0009A2 CA3B ED78            12          IN      A,(C)
0009A4 CA3D 57               4          LD      D,A
                                        
0009A5 CA3E ED78            12          IN      A,(C)
0009A7 CA40 ED78            12          IN      A,(C)
0009A9 CA42 ED78            12          IN      A,(C)
0009AB CA44 ED78            12          IN      A,(C)
0009AD CA46 ED78            12          IN      A,(C)
0009AF CA48 ED78            12          IN      A,(C)
0009B1 CA4A ED78            12          IN      A,(C)
0009B3 CA4C ED78            12          IN      A,(C)
0009B5 CA4E ED78            12          IN      A,(C)
0009B7 CA50 ED78            12          IN      A,(C)
                                
0009B9 CA52 ED78            12          IN      A,(C)
0009BB CA54 67               4          LD      H,A
                                
0009BC CA55 ED4B74CA        20          LD      BC,(EMMADRS)
0009C0 CA59 AF               4          XOR     A
0009C1 CA5A ED79            12          OUT     (C),A
0009C3 CA5C 7C               4          LD      A,H
0009C4 CA5D 03               6          INC     BC
0009C5 CA5E ED79            12          OUT     (C),A
0009C7 CA60 AF               4          XOR     A
0009C8 CA61 03               6          INC     BC
0009C9 CA62 ED79            12          OUT     (C),A
                                
0009CB CA64 210000          10          LD      HL,0000H
0009CE CA67 03               6          INC     BC
0009CF CA68 ED78            12  EMLOP:  IN      A,(C)
0009D1 CA6A 77               7          LD      (HL),A
0009D2 CA6B 23               6          INC     HL
0009D3 CA6C 1B               6          DEC     DE
0009D4 CA6D 7A               4          LD      A,D
0009D5 CA6E B3               4          OR      E
0009D6 CA6F 20F7            12          JR      NZ,EMLOP
0009D8 CA71 C30000          10          JP      0000H
                                
0009DB CA74 0000                EMMADRS:DW      0000H
                                
       CA76                     DBRCV0:
0009DD D400                             ORG     0D400H
                                        
                                ;データ受信
0009DD D400 2A0611          16  DBRCV2: LD      HL,(EXEAD)
0009E0 D403 E5              11          PUSH    HL
0009E1 D404 ED5B0211        20          LD      DE,(FSIZE)
0009E5 D408 2A0411          16          LD      HL,(SADRS)
0009E8 D40B CD1AD4          17  DBRLOP2:CALL    RCVBYTE2
0009EB D40E 77               7          LD      (HL),A
0009EC D40F 1B               6          DEC     DE
0009ED D410 7A               4          LD      A,D
0009EE D411 B3               4          OR      E
0009EF D412 23               6          INC     HL
0009F0 D413 20F6            12          JR      NZ,DBRLOP2   ;DE=0までLOOP
                                
                                
0009F2 D415 E1              10  DBRLOP3:POP     HL
0009F3 D416 31F010          10          LD      SP,10F0H
                                
0009F6 D419 E9               4          JP      (HL)
                                
                                ;**** 1BYTE受信 ****
                                ;受信DATAをAレジスタにセットしてリターン
       D41A                     RCVBYTE2:
0009F7 D41A CD2DD4          17          CALL    F1CHK2      ;PORTC BIT7が1になるまでLOOP
0009FA D41D DBA1            11          IN      A,(0A1h)   ;PORTB -> A
0009FC D41F F5              11          PUSH    AF
0009FD D420 3E05             7          LD      A,05H
0009FF D422 D3A3            11          OUT     (0A3H),A    ;PORTC BIT2 <- 1
000A01 D424 CD34D4          17          CALL    F2CHK2      ;PORTC BIT7が0になるまでLOOP
000A04 D427 3E04             7          LD      A,04H
000A06 D429 D3A3            11          OUT     (0A3H),A    ;PORTC BIT2 <- 0
000A08 D42B F1              10          POP     AF
000A09 D42C C9              10          RET
                                        
                                ;**** BUSYをCHECK(1) ****
                                ; 82H BIT7が1になるまでLOP
000A0A D42D DBA2            11  F1CHK2: IN      A,(0A2H)
000A0C D42F E680             7          AND     80H        ;PORTC BIT7 = 1?
000A0E D431 28FA            12          JR      Z,F1CHK2
000A10 D433 C9              10          RET
                                
                                ;**** BUSYをCHECK(0) ****
                                ; 82H BIT7が0になるまでLOOP
000A11 D434 DBA2            11  F2CHK2: IN      A,(0A2H)
000A13 D436 E680             7          AND     80H        ;PORTC BIT7 = 0?
000A15 D438 20FA            12          JR      NZ,F2CHK2
000A17 D43A C9              10          RET
                                
       D43B                     ENT6:
                                        END
[EOF:1Z-009B_SD.s:UTF_8]
